Microsoft Windows [Version 10.0.19042.1348]
(c) Microsoft Corporation. All rights reserved.

C:\Users\gofuk>cd PycharmProjects

C:\Users\gofuk\PycharmProjects>cd TESTTWITCH

C:\Users\gofuk\PycharmProjects\TESTTWITCH>venv/Scripts/activate
'venv' is not recognized as an internal or external command,
operable program or batch file.

C:\Users\gofuk\PycharmProjects\TESTTWITCH>venv/Scripts/activate
'venv' is not recognized as an internal or external command,
operable program or batch file.

C:\Users\gofuk\PycharmProjects\TESTTWITCH>venv\Scripts\activate

(venv) C:\Users\gofuk\PycharmProjects\TESTTWITCH>python main.py
Engine(sqlite:///.\Database\Chat.db)
No blinkylight detected
Engine(sqlite:///.\Database\Chat.db)
Engine(sqlite:///.\Database\Chat.db)
==================================================
Viewers: ['gijsvang', 'cyclingwithdoc', 'drweebles', 'infectedtimc', 'lepagemaster', 'mc_squared_racing', 'notmashingalwaysmyturn', 'alanlowe', 'anotherttvviewer', 'cheerio64', 'commanderroot', 'generalelost', 'graphmau', 'ladysirene', 'maddynsun', 'moggsy', 'n8bmw30', 'painfullest', 'patmolinari', 'psyphunk', 'rimastino', 'spiketrapclair', 'stef400', 'subbingtouglypeople', 'tnuldblunt', 'v_and_k', 'weeeeeehibathsalts']
Number Viewers: 27
==================================================
Viewers: ['gijsvang', 'cyclingwithdoc', 'drweebles', 'infectedtimc', 'lepagemaster', 'mc_squared_racing', 'notmashingalwaysmyturn', 'alanlowe', 'anotherttvviewer', 'cheerio64', 'commanderroot', 'generalelost', 'graphmau', 'ladysirene', 'maddynsun', 'moggsy', 'n8bmw30', 'painfullest', 'patmolinari', 'psyphunk', 'rimastino', 'spiketrapclair', 'stef400', 'subbingtouglypeople', 'tnuldblunt', 'v_and_k', 'weeeeeehibathsalts']
Number Viewers: 27
==================================================
Viewers: ['gijsvang', 'cyclingwithdoc', 'drweebles', 'infectedtimc', 'lepagemaster', 'mc_squared_racing', 'notmashingalwaysmyturn', 'alanlowe', 'anotherttvviewer', 'cheerio64', 'commanderroot', 'generalelost', 'graphmau', 'ladysirene', 'maddynsun', 'moggsy', 'n8bmw30', 'painfullest', 'patmolinari', 'psyphunk', 'rimastino', 'spiketrapclair', 'stef400', 'subbingtouglypeople', 'tnuldblunt', 'v_and_k', 'weeeeeehibathsalts']
Number Viewers: 27
==================================================
Viewers: ['gijsvang', 'cyclingwithdoc', 'drweebles', 'infectedtimc', 'lepagemaster', 'mc_squared_racing', 'notmashingalwaysmyturn', 'alanlowe', 'anotherttvviewer', 'cheerio64', 'commanderroot', 'generalelost', 'graphmau', 'ladysirene', 'maddynsun', 'moggsy', 'n8bmw30', 'painfullest', 'patmolinari', 'psyphunk', 'rimastino', 'spiketrapclair', 'stef400', 'subbingtouglypeople', 'tnuldblunt', 'v_and_k', 'weeeeeehibathsalts']
Number Viewers: 27
==================================================
Viewers: ['gijsvang', 'cyclingwithdoc', 'drweebles', 'infectedtimc', 'lepagemaster', 'mc_squared_racing', 'notmashingalwaysmyturn', 'alanlowe', 'anotherttvviewer', 'cheerio64', 'commanderroot', 'generalelost', 'graphmau', 'ladysirene', 'maddynsun', 'moggsy', 'mvxjvmes', 'n8bmw30', 'painfullest', 'patmolinari', 'psyphunk', 'richpaterson', 'rimastino', 'spiketrapclair', 'stef400', 'subbingtouglypeople', 'tnuldblunt', 'v_and_k', 'weeeeeehibathsalts']
Number Viewers: 29
==================================================
Viewers: ['gijsvang', 'cyclingwithdoc', 'drweebles', 'infectedtimc', 'lepagemaster', 'mc_squared_racing', 'notmashingalwaysmyturn', 'alanlowe', 'anotherttvviewer', 'cheerio64', 'commanderroot', 'generalelost', 'graphmau', 'ladysirene', 'maddynsun', 'moggsy', 'n8bmw30', 'painfullest', 'patmolinari', 'psyphunk', 'rimastino', 'spiketrapclair', 'stef400', 'subbingtouglypeople', 'tnuldblunt', 'v_and_k', 'weeeeeehibathsalts']
Number Viewers: 27
Traceback (most recent call last):
  File "C:\Users\gofuk\PycharmProjects\TESTTWITCH\venv\lib\site-packages\sqlalchemy\engine\base.py", line 1770, in _execute_context
    self.dialect.do_execute(
  File "C:\Users\gofuk\PycharmProjects\TESTTWITCH\venv\lib\site-packages\sqlalchemy\engine\default.py", line 717, in do_execute
    cursor.execute(statement, parameters)
sqlite3.OperationalError: database is locked

The above exception was the direct cause of the following exception:

Traceback (most recent call last):
  File "C:\Users\gofuk\PycharmProjects\TESTTWITCH\main.py", line 796, in <module>
    tb.main()
  File "C:\Users\gofuk\PycharmProjects\TESTTWITCH\main.py", line 389, in main
    self.read_chat()
  File "C:\Users\gofuk\PycharmProjects\TESTTWITCH\main.py", line 421, in read_chat
    self.save_chat(message)
  File "C:\Users\gofuk\PycharmProjects\TESTTWITCH\main.py", line 688, in save_chat
    return_comment = self.write_message(message, self.session)
  File "C:\Users\gofuk\PycharmProjects\TESTTWITCH\Models.py", line 152, in write_message
    self.commit_comment_exists(comment, user_obj, channel_obj, session)
  File "C:\Users\gofuk\PycharmProjects\TESTTWITCH\Models.py", line 167, in commit_comment_exists
    session.commit()
  File "C:\Users\gofuk\PycharmProjects\TESTTWITCH\venv\lib\site-packages\sqlalchemy\orm\session.py", line 1428, in commit
    self._transaction.commit(_to_root=self.future)
  File "C:\Users\gofuk\PycharmProjects\TESTTWITCH\venv\lib\site-packages\sqlalchemy\orm\session.py", line 829, in commit
    self._prepare_impl()
  File "C:\Users\gofuk\PycharmProjects\TESTTWITCH\venv\lib\site-packages\sqlalchemy\orm\session.py", line 808, in _prepare_impl
    self.session.flush()
  File "C:\Users\gofuk\PycharmProjects\TESTTWITCH\venv\lib\site-packages\sqlalchemy\orm\session.py", line 3298, in flush
    self._flush(objects)
  File "C:\Users\gofuk\PycharmProjects\TESTTWITCH\venv\lib\site-packages\sqlalchemy\orm\session.py", line 3437, in _flush
    with util.safe_reraise():
  File "C:\Users\gofuk\PycharmProjects\TESTTWITCH\venv\lib\site-packages\sqlalchemy\util\langhelpers.py", line 70, in __exit__
    compat.raise_(
  File "C:\Users\gofuk\PycharmProjects\TESTTWITCH\venv\lib\site-packages\sqlalchemy\util\compat.py", line 207, in raise_
    raise exception
  File "C:\Users\gofuk\PycharmProjects\TESTTWITCH\venv\lib\site-packages\sqlalchemy\orm\session.py", line 3398, in _flush
    flush_context.execute()
  File "C:\Users\gofuk\PycharmProjects\TESTTWITCH\venv\lib\site-packages\sqlalchemy\orm\unitofwork.py", line 456, in execute
    rec.execute(self)
  File "C:\Users\gofuk\PycharmProjects\TESTTWITCH\venv\lib\site-packages\sqlalchemy\orm\unitofwork.py", line 630, in execute
    util.preloaded.orm_persistence.save_obj(
  File "C:\Users\gofuk\PycharmProjects\TESTTWITCH\venv\lib\site-packages\sqlalchemy\orm\persistence.py", line 242, in save_obj
    _emit_insert_statements(
  File "C:\Users\gofuk\PycharmProjects\TESTTWITCH\venv\lib\site-packages\sqlalchemy\orm\persistence.py", line 1219, in _emit_insert_statements
    result = connection._execute_20(
  File "C:\Users\gofuk\PycharmProjects\TESTTWITCH\venv\lib\site-packages\sqlalchemy\engine\base.py", line 1582, in _execute_20
    return meth(self, args_10style, kwargs_10style, execution_options)
  File "C:\Users\gofuk\PycharmProjects\TESTTWITCH\venv\lib\site-packages\sqlalchemy\sql\elements.py", line 324, in _execute_on_connection
    return connection._execute_clauseelement(
  File "C:\Users\gofuk\PycharmProjects\TESTTWITCH\venv\lib\site-packages\sqlalchemy\engine\base.py", line 1451, in _execute_clauseelement
    ret = self._execute_context(
  File "C:\Users\gofuk\PycharmProjects\TESTTWITCH\venv\lib\site-packages\sqlalchemy\engine\base.py", line 1813, in _execute_context
    self._handle_dbapi_exception(
  File "C:\Users\gofuk\PycharmProjects\TESTTWITCH\venv\lib\site-packages\sqlalchemy\engine\base.py", line 1994, in _handle_dbapi_exception
    util.raise_(
  File "C:\Users\gofuk\PycharmProjects\TESTTWITCH\venv\lib\site-packages\sqlalchemy\util\compat.py", line 207, in raise_
    raise exception
  File "C:\Users\gofuk\PycharmProjects\TESTTWITCH\venv\lib\site-packages\sqlalchemy\engine\base.py", line 1770, in _execute_context
    self.dialect.do_execute(
  File "C:\Users\gofuk\PycharmProjects\TESTTWITCH\venv\lib\site-packages\sqlalchemy\engine\default.py", line 717, in do_execute
    cursor.execute(statement, parameters)
sqlalchemy.exc.OperationalError: (sqlite3.OperationalError) database is locked
[SQL: INSERT INTO comments (user_id, channel_id, comment, created) VALUES (?, ?, ?, CURRENT_TIMESTAMP)]
[parameters: (196, 1, '!tts i see its time to sprint in 4.4k go at 500m')]
(Background on this error at: http://sqlalche.me/e/14/e3q8)
==================================================
Viewers: ['gijsvang', 'cyclingwithdoc', 'drweebles', 'infectedtimc', 'lepagemaster', 'mc_squared_racing', 'notmashingalwaysmyturn', 'alanlowe', 'anotherttvviewer', 'cheerio64', 'commanderroot', 'generalelost', 'graphmau', 'ladysirene', 'maddynsun', 'moggsy', 'n8bmw30', 'painfullest', 'patmolinari', 'psyphunk', 'rimastino', 'spiketrapclair', 'stef400', 'subbingtouglypeople', 'tnuldblunt', 'v_and_k', 'weeeeeehibathsalts']
Number Viewers: 27
==================================================
Viewers: ['gijsvang', 'drweebles', 'infectedtimc', 'lepagemaster', 'mc_squared_racing', 'notmashingalwaysmyturn', 'alanlowe', 'anotherttvviewer', 'cheerio64', 'commanderroot', 'generalelost', 'graphmau', 'ladysirene', 'maddynsun', 'moggsy', 'n8bmw30', 'painfullest', 'patmolinari', 'psyphunk', 'rimastino', 'spiketrapclair', 'stef400', 'subbingtouglypeople', 'tnuldblunt', 'v_and_k', 'weeeeeehibathsalts']
Number Viewers: 26
==================================================
Viewers: ['gijsvang', 'drweebles', 'infectedtimc', 'lepagemaster', 'mc_squared_racing', 'notmashingalwaysmyturn', 'alanlowe', 'anotherttvviewer', 'cheerio64', 'commanderroot', 'generalelost', 'graphmau', 'ladysirene', 'maddynsun', 'moggsy', 'n8bmw30', 'painfullest', 'patmolinari', 'psyphunk', 'rimastino', 'spiketrapclair', 'stef400', 'subbingtouglypeople', 'tnuldblunt', 'v_and_k', 'weeeeeehibathsalts']
Number Viewers: 26
==================================================
Viewers: ['gijsvang', 'chadette_1337_d2farmer', 'drweebles', 'infectedtimc', 'lepagemaster', 'mc_squared_racing', 'notmashingalwaysmyturn', 'alanlowe', 'anotherttvviewer', 'cheerio64', 'commanderroot', 'graphmau', 'ladysirene', 'maddynsun', 'moggsy', 'n8bmw30', 'psyphunk', 'rimastino', 'spiketrapclair', 'stef400', 'tnuldblunt', 'v_and_k', 'weeeeeehibathsalts']
Number Viewers: 23
==================================================
Viewers: ['gijsvang', 'chadette_1337_d2farmer', 'drweebles', 'infectedtimc', 'lepagemaster', 'mc_squared_racing', 'notmashingalwaysmyturn', 'alanlowe', 'anotherttvviewer', 'cheerio64', 'commanderroot', 'graphmau', 'ladysirene', 'maddynsun', 'moggsy', 'n8bmw30', 'psyphunk', 'rimastino', 'spiketrapclair', 'stef400', 'tnuldblunt', 'v_and_k', 'weeeeeehibathsalts']
Number Viewers: 23
==================================================
Viewers: ['gijsvang', 'chadette_1337_d2farmer', 'cyclingwithdoc', 'drweebles', 'infectedtimc', 'lepagemaster', 'mc_squared_racing', 'notmashingalwaysmyturn', 'alanlowe', 'anotherttvviewer', 'cheerio64', 'commanderroot', 'graphmau', 'ladysirene', 'maddynsun', 'moggsy', 'n8bmw30', 'painfullest', 'psyphunk', 'rimastino', 'spiketrapclair', 'stef400', 'v_and_k', 'weeeeeehibathsalts']
Number Viewers: 24
==================================================
Viewers: ['gijsvang', 'chadette_1337_d2farmer', 'cyclingwithdoc', 'drweebles', 'infectedtimc', 'lepagemaster', 'mc_squared_racing', 'notmashingalwaysmyturn', 'alanlowe', 'anotherttvviewer', 'cheerio64', 'commanderroot', 'graphmau', 'ladysirene', 'maddynsun', 'moggsy', 'n8bmw30', 'painfullest', 'psyphunk', 'rimastino', 'spiketrapclair', 'stef400', 'v_and_k', 'weeeeeehibathsalts']
Number Viewers: 24
==================================================
Viewers: ['gijsvang', 'chadette_1337_d2farmer', 'drweebles', 'infectedtimc', 'lepagemaster', 'mc_squared_racing', 'notmashingalwaysmyturn', 'alanlowe', 'cheerio64', 'commanderroot', 'graphmau', 'ladysirene', 'maddynsun', 'moggsy', 'painfullest', 'psyphunk', 'rimastino', 'stef400', 'v_and_k', 'weeeeeehibathsalts']
Number Viewers: 20
==================================================
Viewers: ['gijsvang', 'chadette_1337_d2farmer', 'drweebles', 'infectedtimc', 'lepagemaster', 'mc_squared_racing', 'notmashingalwaysmyturn', 'alanlowe', 'cheerio64', 'commanderroot', 'graphmau', 'ladysirene', 'maddynsun', 'moggsy', 'painfullest', 'psyphunk', 'rimastino', 'stef400', 'v_and_k', 'weeeeeehibathsalts']
Number Viewers: 20
==================================================
Viewers: ['gijsvang', 'chadette_1337_d2farmer', 'drweebles', 'infectedtimc', 'lepagemaster', 'mc_squared_racing', 'notmashingalwaysmyturn', 'alanlowe', 'cheerio64', 'commanderroot', 'graphmau', 'ladysirene', 'maddynsun', 'moggsy', 'painfullest', 'psyphunk', 'rimastino', 'stef400', 'v_and_k', 'weeeeeehibathsalts']
Number Viewers: 20
==================================================
Viewers: ['gijsvang', 'chadette_1337_d2farmer', 'drweebles', 'infectedtimc', 'lepagemaster', 'mc_squared_racing', 'notmashingalwaysmyturn', 'alanlowe', 'anotherttvviewer', 'cheerio64', 'commanderroot', 'graphmau', 'ladysirene', 'maddynsun', 'moggsy', 'painfullest', 'psyphunk', 'rimastino', 'spiketrapclair', 'stef400', 'v_and_k', 'weeeeeehibathsalts']
Number Viewers: 22
==================================================
Viewers: ['gijsvang', 'chadette_1337_d2farmer', 'drweebles', 'infectedtimc', 'lepagemaster', 'mc_squared_racing', 'notmashingalwaysmyturn', 'alanlowe', 'anotherttvviewer', 'caedmoncycling', 'cheerio64', 'commanderroot', 'graphmau', 'ladysirene', 'maddynsun', 'moggsy', 'painfullest', 'psyphunk', 'rimastino', 'spiketrapclair', 'stef400', 'v_and_k', 'walmart_cartpusha', 'weeeeeehibathsalts']
Number Viewers: 24
==================================================
Viewers: ['gijsvang', 'chadette_1337_d2farmer', 'drweebles', 'infectedtimc', 'lepagemaster', 'mc_squared_racing', 'notmashingalwaysmyturn', 'alanlowe', 'anotherttvviewer', 'caedmoncycling', 'cheerio64', 'commanderroot', 'graphmau', 'ladysirene', 'maddynsun', 'moggsy', 'painfullest', 'psyphunk', 'rimastino', 'spiketrapclair', 'stef400', 'v_and_k', 'walmart_cartpusha', 'weeeeeehibathsalts']
Number Viewers: 24
==================================================
Viewers: ['gijsvang', 'chadette_1337_d2farmer', 'drweebles', 'infectedtimc', 'lepagemaster', 'mc_squared_racing', 'notmashingalwaysmyturn', 'alanlowe', 'anotherttvviewer', 'caedmoncycling', 'cheerio64', 'commanderroot', 'graphmau', 'ladysirene', 'maddynsun', 'moggsy', 'painfullest', 'psyphunk', 'rimastino', 'spiketrapclair', 'stef400', 'v_and_k', 'walmart_cartpusha', 'weeeeeehibathsalts']
Number Viewers: 24
==================================================
Viewers: ['gijsvang', 'chadette_1337_d2farmer', 'drweebles', 'infectedtimc', 'lepagemaster', 'mc_squared_racing', 'notmashingalwaysmyturn', 'alanlowe', 'anotherttvviewer', 'cheerio64', 'commanderroot', 'graphmau', 'ladysirene', 'maddynsun', 'moggsy', 'painfullest', 'psyphunk', 'spiketrapclair', 'stef400', 'v_and_k', 'weeeeeehibathsalts']
Number Viewers: 21
==================================================
Viewers: ['gijsvang', 'chadette_1337_d2farmer', 'drweebles', 'lepagemaster', 'mc_squared_racing', 'notmashingalwaysmyturn', 'ray_space', 'ouranhshc', 'alanlowe', 'anotherttvviewer', 'cheerio64', 'commanderroot', 'graphmau', 'ladysirene', 'maddynsun', 'moggsy', 'painfullest', 'psyphunk', 'rimastino', 'spiketrapclair', 'stef400', 'v_and_k', 'weeeeeehibathsalts']
Number Viewers: 23
==================================================
Viewers: ['gijsvang', 'chadette_1337_d2farmer', 'drweebles', 'lepagemaster', 'mc_squared_racing', 'notmashingalwaysmyturn', 'ray_space', 'ouranhshc', 'alanlowe', 'anotherttvviewer', 'cheerio64', 'commanderroot', 'graphmau', 'ladysirene', 'maddynsun', 'moggsy', 'painfullest', 'psyphunk', 'rimastino', 'spiketrapclair', 'stef400', 'v_and_k', 'weeeeeehibathsalts']
Number Viewers: 23
Process Process-1:
Traceback (most recent call last):
  File "C:\Users\gofuk\AppData\Local\Programs\Python\Python310\lib\multiprocessing\process.py", line 315, in _bootstrap
    self.run()
  File "C:\Users\gofuk\AppData\Local\Programs\Python\Python310\lib\multiprocessing\process.py", line 108, in run
    self._target(*self._args, **self._kwargs)
  File "C:\Users\gofuk\PycharmProjects\TESTTWITCH\main.py", line 730, in __init__
    self.main()
  File "C:\Users\gofuk\PycharmProjects\TESTTWITCH\main.py", line 744, in main
    time.sleep(update_interval)
KeyboardInterrupt

(venv) C:\Users\gofuk\PycharmProjects\TESTTWITCH>